// Jest Snapshot v1, https://goo.gl/fbAQLP

exports[`FyInfoCard should render component and match snapshot 1`] = `
<div class="fy-info-card d-flex align-center justify-center info px-5 py-5"><img src="" alt="John" height="50">
  <div class="flex-column justify-space-between ml-5 text-right">
    <div class="text-h5 font-weight-medium white--text mb-5"></div> <button type="button" class="v-btn v-btn--has-bg theme--light elevation-0 v-size--default info" color="info"><span class="v-btn__content"></span></button>
  </div>
</div>
`;
