// Jest Snapshot v1, https://goo.gl/fbAQLP

exports[`FyUserLabel.ts should render component and match snapshot 1`] = `
<div class="d-flex align-center justify-center">
  <!---->
  <div class="flex-column justify-space-between ml-5">
    <div class="font-weight-bold"></div>
    <div class="grey--text text--lighten-1"></div>
  </div>
</div>
`;
