// Jest Snapshot v1, https://goo.gl/fbAQLP

exports[`FyInputCnpj.ts should render component and match snapshot 1`] = `
<div class="v-input v-input--dense theme--light v-text-field v-text-field--enclosed v-text-field--outlined" value="" rules="(value) => {
          /* istanbul ignore next */
          cov_22qvzt4d0l.f[2]++;
          cov_22qvzt4d0l.s[9]++;

          if (
          /* istanbul ignore next */
          (cov_22qvzt4d0l.b[2][0]++, value) &amp;&amp;
          /* istanbul ignore next */
          (cov_22qvzt4d0l.b[2][1]++, value !== '')) {
            /* istanbul ignore next */
            cov_22qvzt4d0l.b[1][0]++;
            cov_22qvzt4d0l.s[10]++;
            return (
              /* istanbul ignore next */
              (cov_22qvzt4d0l.b[3][0]++, value.length === 18) ||
              /* istanbul ignore next */
              (cov_22qvzt4d0l.b[3][1]++, 'O campo Cnpj deve conter 14 números')
            );
          } else
          /* istanbul ignore next */
          {
            cov_22qvzt4d0l.b[1][1]++;
          }

          cov_22qvzt4d0l.s[11]++;
          return false;
        }">
  <div class="v-input__control">
    <div class="v-input__slot">
      <fieldset aria-hidden="true">
        <legend style="width: 0px;"><span class="notranslate">​</span></legend>
      </fieldset>
      <div class="v-text-field__slot"><input data-test="input" id="input-3" type="text"></div>
    </div>
    <div class="v-text-field__details">
      <div class="v-messages theme--light">
        <transition-group-stub tag="div" name="message-transition" class="v-messages__wrapper"></transition-group-stub>
      </div>
    </div>
  </div>
</div>
`;
